
> website-builder@0.1.0 build
> next build

  Γû▓ Next.js 14.2.35
  - Environments: .env.local

   Creating an optimized production build ...
 Γ£ô Compiled successfully
   Linting and checking validity of types ...
node.exe : 
At line:1 char:1
+ & "C:\Program 
Files\nodejs/node.exe" "C:\Program 
Files\nodejs/node_mo ...
+ ~~~~~~~~~~~~~~~~~~~~~~~~~~~~~~~~~~~~
~~~~~~~~~~~~~~~~~~~~~~~~~~~~~~~~~
    + CategoryInfo          : NotSpec 
   ified: (:String) [], RemoteExcept  
  ion
    + FullyQualifiedErrorId : NativeC 
   ommandError
 
Failed to compile.

./app/builder/[id]/actions.ts
6:63  Error: Unexpected any. Specify 
a different type.  
@typescript-eslint/no-explicit-any

./app/builder/[id]/BuilderClient.tsx
3:20  Error: 'useTransition' is 
defined but never used.  
@typescript-eslint/no-unused-vars
7:3  Error: 'Eye' is defined but 
never used.  
@typescript-eslint/no-unused-vars
11:12  Error: 'ImageIcon' is defined 
but never used.  
@typescript-eslint/no-unused-vars
12:3  Error: 'Square' is defined but 
never used.  
@typescript-eslint/no-unused-vars
15:3  Error: 'ChevronRight' is 
defined but never used.  
@typescript-eslint/no-unused-vars
22:3  Error: 'ChevronDown' is defined 
but never used.  
@typescript-eslint/no-unused-vars

./app/page.tsx
3:42  Error: 'Search' is defined but 
never used.  
@typescript-eslint/no-unused-vars
3:50  Error: 'Globe' is defined but 
never used.  
@typescript-eslint/no-unused-vars

./app/[slug]/page.tsx
25:29  Error: Unexpected any. Specify 
a different type.  
@typescript-eslint/no-explicit-any
47:53  Error: Unexpected any. Specify 
a different type.  
@typescript-eslint/no-explicit-any

info  - Need to disable some ESLint 
rules? Learn more here: https://nextjs
.org/docs/basic-features/eslint#disabl
ing-rules
